// Jest Snapshot v1, https://goo.gl/fbAQLP

exports[`<ConfirmDialogLink /> should render correctly 1`] = `
<div
  data-radium={true}
  style={
    Object {
      "position": "relative",
    }
  }
>
  <A
    disabled={false}
    id="mockId"
    onClick={[Function]}
    text="test link text"
  />
  <ConfirmDialog
    hide={[Function]}
    isVisible={false}
    leftAction={[Function]}
    leftMessage={
      Object {
        "defaultMessage": "No",
        "id": "app.components.ConfirmDialog.no",
      }
    }
    rightAction={[Function]}
    rightMessage={
      Object {
        "defaultMessage": "Yes",
        "id": "app.components.ConfirmDialog.yes",
      }
    }
    style={
      Object {
        "bottom": "20px",
        "left": "-10px",
        "position": "absolute",
      }
    }
  />
</div>
`;
