// Jest Snapshot v1, https://goo.gl/fbAQLP

exports[`selectActiveExtension should return activeExtension from the agentDesktop domain 1`] = `
Object {
  "mockExtension": "mockExtension",
}
`;

exports[`selectExtensions should return extensions from the agentDesktop domain 1`] = `
Array [
  "mockExtension",
]
`;

exports[`selectHasActiveInteractions selectPresenceReasons Should return presenceReasonList.reasons from the agentDesktop domain 1`] = `
Array [
  Object {
    "name": "mockPresenceReason",
  },
]
`;
