// Jest Snapshot v1, https://goo.gl/fbAQLP

exports[`<NotificationBanner /> should render correctly 1`] = `
<div
  data-radium={true}
  id="mockId"
  style={
    Object {
      "alignItems": "center",
      "backgroundColor": "#FE4565",
      "color": "white",
      "display": "flex",
      "flexShrink": 0,
      "height": "35px",
      "paddingLeft": "52px",
      "width": "100%",
    }
  }
>
  <div
    data-radium={true}
    style={
      Object {
        "fontWeight": "600",
      }
    }
  >
    Mock message
    Â 
  </div>
  <div>
    Mock message
  </div>
  <div
    data-radium={true}
    style={
      Object {
        "flexGrow": 1,
      }
    }
  />
  <Button
    iconName="close"
    id="mockIderror-dismiss-btn"
    onClick={[Function]}
    style={
      Object {
        "borderBottom": "0",
        "borderLeft": "0",
        "borderRight": "0",
        "borderTop": "0",
        "margin": "0 10px 0 0",
      }
    }
    tabIndex={0}
    type="primaryRed"
  />
</div>
`;
